[msquarehotelng.com/index.html]
[backblue.gif]
[fade.gif]
[index.html]
[msquarehotelng.com/comments/feed/index.html]
[msquarehotelng.com/feed/index.html]
[live.ipms247.com/themes/reservation/css/bookingbtn/resui_datepicker.css]
[live.ipms247.com/themes/reservation/css/bookingbtn/resui_bookingbox.css]
[msquarehotelng.com/amenities/index.html]
[live.ipms247.com/themes/reservation/js/bookingbtn/jquery-ui.js]
[live.ipms247.com/themes/reservation/js/bookingbtn/common.js]
[live.ipms247.com/themes/reservation/js/bookingbtn/resui_resbookingbox.js]
[msquarehotelng.com/index.html]
[msquarehotelng.com/amenities/index.html]
[live.ipms247.com/themes/reservation/css/bookingbtn/resui_datepicker.css]
[msquarehotelng.com/gallery/index.html]
[msquarehotelng.com/rooms-2/index.html]
[live.ipms247.com/themes/reservation/images/bookingbtn/calendar.png]
[live.ipms247.com/themes/reservation/css/bookingbtn/resui_bookingbox.css]
[msquarehotelng.com/gallery/index.html]
[msquarehotelng.com/rooms-2/index.html]
[msquarehotelng.com/indexf488.html]
[msquarehotelng.com/index94f9.html]
[msquarehotelng.com/xmlrpc0db0.html]
[msquarehotelng.com/index421d.html]
[msquarehotelng.com/contact/index.html]
[msquarehotelng.com/about-us/index.html]
[msquarehotelng.com/about-us/index.html]
[msquarehotelng.com/indexbf05.html]
